<html>
<body>
<pre>
<h1>µVision Build Log</h1>
<h2>Tool Versions:</h2>
IDE-Version: µVision V5.33.0.0
Copyright (C) 2020 ARM Ltd and ARM Germany GmbH. All rights reserved.
License Information: Emirhan Caliskan, Bursa Technical University, LIC=----
 
Tool Versions:
Toolchain:       MDK-ARM Professional  Version: 5.33.0.0
Toolchain Path:  C:\Keil_v5\ARM\ARMCC\Bin
C Compiler:      Armcc.exe V5.06 update 7 (build 960)
Assembler:       Armasm.exe V5.06 update 7 (build 960)
Linker/Locator:  ArmLink.exe V5.06 update 7 (build 960)
Library Manager: ArmAr.exe V5.06 update 7 (build 960)
Hex Converter:   FromElf.exe V5.06 update 7 (build 960)
CPU DLL:         SARMCM3.DLL V5.33.0.0
Dialog DLL:      DCM.DLL V1.17.3.0
Target DLL:      STLink\ST-LINKIII-KEIL_SWO.dll V3.0.8.0
Dialog DLL:      TCM.DLL V1.48.0.0
 
<h2>Project:</h2>
C:\Users\daiichi\Desktop\Micrium Course\Udemy\03_Multi_Task\multitask.uvprojx
Project File Date:  12/03/2020

<h2>Output:</h2>
*** Using Compiler 'V5.06 update 7 (build 960)', folder: 'C:\Keil_v5\ARM\ARMCC\Bin'
Build target 'stm32f4'
assembling cortex_m_port.s...
compiling stm32f4xx_hal_pwr.c...
compiling stm32f4xx_hal_pwr_ex.c...
compiling stm32f4xx_hal.c...
compiling stm32f4xx_hal_cortex.c...
compiling stm32f4xx_hal_gpio.c...
compiling app.c...
C:\Users\daiichi\AppData\Local\Arm\Packs\ARM\CMSIS\5.7.0\CMSIS\Core\Include\cmsis_armcc.h(448): warning:  #47-D: incompatible redefinition of macro "__ISB"  (declared at line 77 of "C:\Users\daiichi\AppData\Local\Arm\Packs\Micrium\RTOS\1.0.0\Software\uCOS-III\Ports\ARM-Cortex-M4\Generic\RealView\os_cpu.h")
  #define __ISB()                           __isb(0xF)
app.c(179): warning:  #1-D: last line of file ends without a newline
  }
app.c: 2 warnings, 0 errors
assembling startup_stm32f411xe.s...
assembling cpu_a.asm...
compiling cpu_c.c...
compiling cpu_core.c...
compiling lib_ascii.c...
compiling lib_math.c...
compiling stm32f4xx_hal_rcc.c...
assembling os_cpu_a.asm...
compiling lib_mem.c...
compiling os_cfg_app.c...
compiling os_cpu_c.c...
compiling lib_str.c...
compiling os_dbg.c...
compiling os_core.c...
C:\Users\daiichi\AppData\Local\Arm\Packs\Micrium\RTOS\1.0.0\Software\uCOS-III\Source\os_core.c(495): warning:  #174-D: expression has no effect
      OS_TASK_SW_SYNC();
C:\Users\daiichi\AppData\Local\Arm\Packs\Micrium\RTOS\1.0.0\Software\uCOS-III\Source\os_core.c: 1 warning, 0 errors
compiling system_stm32f4xx.c...
compiling os_int.c...
compiling os_flag.c...
compiling os_mem.c...
compiling os_mutex.c...
compiling os_msg.c...
compiling os_pend_multi.c...
compiling os_sem.c...
compiling os_prio.c...
compiling os_q.c...
compiling os_stat.c...
compiling os_task.c...
compiling os_time.c...
compiling os_var.c...
compiling os_tick.c...
compiling os_tmr.c...
compiling stm32f4xx_hal_rcc_ex.c...
linking...
Program Size: Code=14378 RO-data=966 RW-data=192 ZI-data=15312  
".\Objects\multitask.axf" - 0 Error(s), 3 Warning(s).

<h2>Software Packages used:</h2>

Package Vendor: ARM
                http://www.keil.com/pack/ARM.CMSIS.5.7.0.pack
                ARM.CMSIS.5.7.0
                CMSIS (Cortex Microcontroller Software Interface Standard)
   * Component: CORE Version: 5.4.0

Package Vendor: Micrium
                http://www.micrium.com/cmsis-pack/Micrium.RTOS.1.0.0.pack
                Micrium.RTOS.1.0.0
                Micrium software components
   * Component: uC/OS Common Version: 1.0.0
   * Component: uC/OS Kernel Variant: uCOS-III Version: 1.0.0

Package Vendor: Keil
                http://www.keil.com/pack/Keil.STM32F4xx_DFP.2.15.0.pack
                Keil.STM32F4xx_DFP.2.15.0
                STMicroelectronics STM32F4 Series Device Support, Drivers and Examples
   * Component: Classic Version: 1.7.9
   * Component: Common Version: 1.7.9
   * Component: Cortex Version: 1.7.9
   * Component: GPIO Version: 1.7.9
   * Component: PWR Version: 1.7.9
   * Component: RCC Version: 1.7.9
   * Component: Startup Version: 2.6.3

Package Vendor: Keil
                http://www.keil.com/pack/Keil.STM32L5xx_DFP.1.2.0.pack
                Keil.STM32L5xx_DFP.1.2.0
                STMicroelectronics STM32L5 Series Device Support
   * Component: STM32Cube Framework Version: 1.1.0

<h2>Collection of Component include folders:</h2>
  .\RTE\Device\STM32F411VETx
  .\RTE\RTOS
  .\RTE\_stm32f4
  C:\Users\daiichi\AppData\Local\Arm\Packs\ARM\CMSIS\5.7.0\CMSIS\Core\Include
  C:\Users\daiichi\AppData\Local\Arm\Packs\Keil\STM32F4xx_DFP\2.15.0\Drivers\CMSIS\Device\ST\STM32F4xx\Include
  C:\Users\daiichi\AppData\Local\Arm\Packs\Keil\STM32F4xx_DFP\2.15.0\Drivers\STM32F4xx_HAL_Driver\Inc
  C:\Users\daiichi\AppData\Local\Arm\Packs\Micrium\RTOS\1.0.0\Software\uC-CPU
  C:\Users\daiichi\AppData\Local\Arm\Packs\Micrium\RTOS\1.0.0\Software\uC-CPU\ARM-Cortex-M4\RealView
  C:\Users\daiichi\AppData\Local\Arm\Packs\Micrium\RTOS\1.0.0\Software\uC-LIB
  C:\Users\daiichi\AppData\Local\Arm\Packs\Micrium\RTOS\1.0.0\Software\uCOS-III\Ports\ARM-Cortex-M4\Generic\RealView
  C:\Users\daiichi\AppData\Local\Arm\Packs\Micrium\RTOS\1.0.0\Software\uCOS-III\Source

<h2>Collection of Component Files used:</h2>

   * Component: ::Device:STM32Cube Framework:1.1.0 (API)

   * Component: ARM::CMSIS:CORE:5.4.0

   * Component: Keil::Device:STM32Cube Framework:Classic:1.7.9
      Include file:  MDK\Templates\Inc\stm32f4xx_it.h
      Include file:  MDK\Templates\Inc\main.h
      Source file:   MDK\Templates\Src\stm32f4xx_it.c
      Source file:   MDK\Templates\Src\stm32f4xx_hal_msp.c
      Source file:   MDK\Templates\Src\main.c
      Include file:  CMSIS\Driver\Config\RTE_Device.h
      Include file:  MDK\Templates\Inc\stm32f4xx_hal_conf.h
      Include file:  MDK\Templates_LL\Inc\main.h
      Source file:   MDK\Templates_LL\Src\main.c

   * Component: Keil::Device:STM32Cube HAL:Common:1.7.9
      Source file:   Drivers\STM32F4xx_HAL_Driver\Src\stm32f4xx_hal.c
      Include file:  Drivers\STM32F4xx_HAL_Driver\Inc\stm32f4xx_hal.h

   * Component: Keil::Device:STM32Cube HAL:Cortex:1.7.9
      Source file:   Drivers\STM32F4xx_HAL_Driver\Src\stm32f4xx_hal_cortex.c

   * Component: Keil::Device:STM32Cube HAL:GPIO:1.7.9
      Source file:   Drivers\STM32F4xx_HAL_Driver\Src\stm32f4xx_hal_gpio.c

   * Component: Keil::Device:STM32Cube HAL:PWR:1.7.9
      Source file:   Drivers\STM32F4xx_HAL_Driver\Src\stm32f4xx_hal_pwr.c
      Source file:   Drivers\STM32F4xx_HAL_Driver\Src\stm32f4xx_hal_pwr_ex.c

   * Component: Keil::Device:STM32Cube HAL:RCC:1.7.9
      Source file:   Drivers\STM32F4xx_HAL_Driver\Src\stm32f4xx_hal_rcc.c
      Source file:   Drivers\STM32F4xx_HAL_Driver\Src\stm32f4xx_hal_rcc_ex.c

   * Component: Keil::Device:Startup:2.6.3
      Source file:   MDK\Device\Source\ARM\STM32F411xx_OPT.s
      Source file:   Drivers\CMSIS\Device\ST\STM32F4xx\Source\Templates\arm\startup_stm32f411xe.s
      Include file:  Drivers\CMSIS\Device\ST\STM32F4xx\Include\stm32f4xx.h
      Source file:   MDK\Device\Source\ARM\STM32F4xx_OTP.s
      Source file:   Drivers\CMSIS\Device\ST\STM32F4xx\Source\Templates\system_stm32f4xx.c

   * Component: Micrium.Micrium::RTOS:uC/OS Common:1.0.0
      Source file:   Software\uC-CPU\ARM-Cortex-M4\RealView\cpu_c.c
      Include file:  Software\uC-CPU\ARM-Cortex-M4\RealView\cpu.h
      Source file:   Software\uC-CPU\ARM-Cortex-M4\RealView\cpu_a.asm
      Include file:  Software\uC-CPU\cpu_core.h
      Source file:   Software\uC-LIB\lib_ascii.c
      Include file:  cfg\lib_cfg.h
      Include file:  Software\uC-LIB\lib_ascii.h
      Include file:  cfg\cpu_cfg.h
      Source file:   Software\uC-CPU\cpu_core.c
      Include file:  Software\uC-CPU\cpu_cache.h
      Include file:  Software\uC-CPU\cpu_def.h
      Include file:  Software\uC-LIB\lib_def.h
      Source file:   Software\uC-LIB\lib_math.c
      Source file:   Software\uC-LIB\lib_mem.c
      Include file:  Software\uC-LIB\lib_str.h
      Source file:   Software\uC-LIB\lib_str.c
      Include file:  Software\uC-LIB\lib_math.h
      Include file:  Software\uC-LIB\lib_mem.h

   * Component: Micrium.Micrium::RTOS:uC/OS Kernel:uCOS-III:1.0.0
      Include file:  cfg\uCOS-III\os_cfg_app.h
      Source file:   Software\uCOS-III\Source\os_cfg_app.c
      Include file:  cfg\uCOS-III\os_cfg.h
      Source file:   Software\uCOS-III\Source\os_task.c
      Source file:   Software\uCOS-III\Source\os_mutex.c
      Source file:   Software\uCOS-III\Source\os_tick.c
      Source file:   Software\uCOS-III\Source\os_tmr.c
      Source file:   Software\uCOS-III\Source\os_int.c
      Source file:   Software\uCOS-III\Source\os_time.c
      Source file:   Software\uCOS-III\Source\os_var.c
      Source file:   Software\uCOS-III\Source\os_prio.c
      Include file:  Software\uCOS-III\Source\os_type.h
      Source file:   Software\uCOS-III\Source\os_core.c
      Include file:  cfg\app_cfg.h
      Include file:  Software\uCOS-III\Source\os.h
      Source file:   Software\uCOS-III\Source\os_dbg.c
      Source file:   Software\uCOS-III\Source\os_mem.c
      Source file:   Software\uCOS-III\Source\os_flag.c
      Source file:   Software\uCOS-III\Source\os_msg.c
      Source file:   Software\uCOS-III\Source\os_pend_multi.c
      Source file:   Software\uCOS-III\Source\os_sem.c
      Source file:   Software\uCOS-III\Source\os_stat.c
      Source file:   Software\uCOS-III\Source\os_q.c
      Include file:  Software\uCOS-III\Ports\ARM-Cortex-M4\Generic\RealView\os_cpu.h
      Source file:   Software\uCOS-III\Ports\ARM-Cortex-M4\Generic\RealView\os_cpu_c.c
      Source file:   Software\uCOS-III\Ports\ARM-Cortex-M4\Generic\RealView\os_cpu_a.asm
Build Time Elapsed:  00:00:12
</pre>
</body>
</html>
